// Jest Snapshot v1, https://goo.gl/fbAQLP

exports[`<PostCard /> should match snapshot 1`] = `
<div
  class="post"
>
  <div
    class="post-content"
  >
    <h1>
      Ola
    </h1>
    <p>
      Ola meu nome e fernando
    </p>
  </div>
</div>
`;
